<html>
<body>
<pre>
<h1>µVision Build Log</h1>
<h2>Project:</h2>
C:\Users\pc\Desktop\xo-gaming1-master\SpaceInvaders.uvproj
Project File Date:  06/15/2019

<h2>Output:</h2>
Build target 'SpaceInvaders'
compiling SpaceInvaders.c...
SpaceInvaders.c(334): warning:  #1-D: last line of file ends without a newline
  }
SpaceInvaders.c: 1 warning, 0 errors
linking...
Program Size: Code=5184 RO-data=872 RW-data=76 ZI-data=1700  
".\SpaceInvaders.axf" - 0 Error(s), 1 Warning(s).
</pre>
</body>
</html>
rror(s), 1 Warning(s).
Target not created
